<html>
<body>
<pre>
<h1>µVision Build Log</h1>
<h2>Project:</h2>
C:\Keil\MyProjects\KeyPadOn\keypadOn.uvproj
Project File Date:  08/22/2021

<h2>Output:</h2>
Build target 'Target 1'
compiling main.c...
main.c(31): warning:  #550-D: variable "dummy" was set but never used
        int dummy;
main.c(40): warning:  #550-D: variable "dummy" was set but never used
        int dummy;
main.c: 2 warnings, 0 errors
linking...
Program Size: Code=732 RO-data=652 RW-data=4 ZI-data=612  
".\keypadOn.axf" - 0 Error(s), 2 Warning(s).
Load "C:\\Keil\\MyProjects\\KeyPadOn\\keypadOn.axf" 
Connecting: Mode=JTAG, Speed=1000000Hz
Erase Done.
Programming Done.
Verify OK.
